


ARM Macro Assembler    Page 1 


    1 00000000         ;/******************************************************
                       ********************//**
    2 00000000         ; * @file     startup_ARMCM3.s
    3 00000000         ; * @brief    CMSIS Core Device Startup File for
    4 00000000         ; *           ARMCM3 Device Series
    5 00000000         ; * @version  V5.00
    6 00000000         ; * @date     02. March 2016
    7 00000000         ; ******************************************************
                       ************************/
    8 00000000         ;/*
    9 00000000         ; * Copyright (c) 2009-2016 ARM Limited. All rights rese
                       rved.
   10 00000000         ; *
   11 00000000         ; * SPDX-License-Identifier: Apache-2.0
   12 00000000         ; *
   13 00000000         ; * Licensed under the Apache License, Version 2.0 (the 
                       License); you may
   14 00000000         ; * not use this file except in compliance with the Lice
                       nse.
   15 00000000         ; * You may obtain a copy of the License at
   16 00000000         ; *
   17 00000000         ; * http://www.apache.org/licenses/LICENSE-2.0
   18 00000000         ; *
   19 00000000         ; * Unless required by applicable law or agreed to in wr
                       iting, software
   20 00000000         ; * distributed under the License is distributed on an A
                       S IS BASIS, WITHOUT
   21 00000000         ; * WARRANTIES OR CONDITIONS OF ANY KIND, either express
                        or implied.
   22 00000000         ; * See the License for the specific language governing 
                       permissions and
   23 00000000         ; * limitations under the License.
   24 00000000         ; */
   25 00000000         
   26 00000000         ;/*
   27 00000000         ;//-------- <<< Use Configuration Wizard in Context Menu
                        >>> ------------------
   28 00000000         ;*/
   29 00000000         
   30 00000000         
   31 00000000         ; <h> Stack Configuration
   32 00000000         ;   <o> Stack Size (in Bytes) <0x0-0xFFFFFFFF:8>
   33 00000000         ; </h>
   34 00000000         
   35 00000000 00000400 
                       Stack_Size
                               EQU              0x00000400
   36 00000000         
   37 00000000                 AREA             STACK, NOINIT, READWRITE, ALIGN
=3
   38 00000000         Stack_Mem
                               SPACE            Stack_Size
   39 00000400         __initial_sp
   40 00000400         
   41 00000400         
   42 00000400         ; <h> Heap Configuration
   43 00000400         ;   <o>  Heap Size (in Bytes) <0x0-0xFFFFFFFF:8>
   44 00000400         ; </h>
   45 00000400         



ARM Macro Assembler    Page 2 


   46 00000400 00000C00 
                       Heap_Size
                               EQU              0x00000C00
   47 00000400         
   48 00000400                 AREA             HEAP, NOINIT, READWRITE, ALIGN=
3
   49 00000000         __heap_base
   50 00000000         Heap_Mem
                               SPACE            Heap_Size
   51 00000C00         __heap_limit
   52 00000C00         
   53 00000C00         
   54 00000C00                 PRESERVE8
   55 00000C00                 THUMB
   56 00000C00         
   57 00000C00         
   58 00000C00         ; Vector Table Mapped to Address 0 at Reset
   59 00000C00         
   60 00000C00                 AREA             RESET, DATA, READONLY
   61 00000000                 EXPORT           __Vectors
   62 00000000                 EXPORT           __Vectors_End
   63 00000000                 EXPORT           __Vectors_Size
   64 00000000         
   65 00000000 00000000 
                       __Vectors
                               DCD              __initial_sp ; Top of Stack
   66 00000004 00000000        DCD              Reset_Handler ; Reset Handler
   67 00000008 00000000        DCD              NMI_Handler ; NMI Handler
   68 0000000C 00000000        DCD              HardFault_Handler ; Hard Fault 
                                                            Handler
   69 00000010 00000000        DCD              MemManage_Handler 
                                                            ; MPU Fault Handler
                                                            
   70 00000014 00000000        DCD              BusFault_Handler 
                                                            ; Bus Fault Handler
                                                            
   71 00000018 00000000        DCD              UsageFault_Handler ; Usage Faul
                                                            t Handler
   72 0000001C 00000000        DCD              0           ; Reserved
   73 00000020 00000000        DCD              0           ; Reserved
   74 00000024 00000000        DCD              0           ; Reserved
   75 00000028 00000000        DCD              0           ; Reserved
   76 0000002C 00000000        DCD              SVC_Handler ; SVCall Handler
   77 00000030 00000000        DCD              DebugMon_Handler ; Debug Monito
                                                            r Handler
   78 00000034 00000000        DCD              0           ; Reserved
   79 00000038 00000000        DCD              PendSV_Handler ; PendSV Handler
                                                            
   80 0000003C 00000000        DCD              SysTick_Handler 
                                                            ; SysTick Handler
   81 00000040         
   82 00000040         ; External Interrupts
   83 00000040 00000000        DCD              WDT_IRQHandler ;  0:  Watchdog 
                                                            Timer
   84 00000044 00000000        DCD              RTC_IRQHandler ;  1:  Real Time
                                                             Clock
   85 00000048 00000000        DCD              TIM0_IRQHandler ;  2:  Timer0 /
                                                             Timer1
   86 0000004C 00000000        DCD              TIM2_IRQHandler ;  3:  Timer2 /



ARM Macro Assembler    Page 3 


                                                             Timer3
   87 00000050 00000000        DCD              MCIA_IRQHandler ;  4:  MCIa
   88 00000054 00000000        DCD              MCIB_IRQHandler ;  5:  MCIb
   89 00000058 00000000        DCD              UART0_IRQHandler ;  6:  UART0 -
                                                             DUT FPGA
   90 0000005C 00000000        DCD              UART1_IRQHandler ;  7:  UART1 -
                                                             DUT FPGA
   91 00000060 00000000        DCD              UART2_IRQHandler ;  8:  UART2 -
                                                             DUT FPGA
   92 00000064 00000000        DCD              UART4_IRQHandler ;  9:  UART4 -
                                                             not connected
   93 00000068 00000000        DCD              AACI_IRQHandler 
                                                            ; 10: AACI / AC97
   94 0000006C 00000000        DCD              CLCD_IRQHandler ; 11: CLCD Comb
                                                            ined Interrupt
   95 00000070 00000000        DCD              ENET_IRQHandler ; 12: Ethernet
   96 00000074 00000000        DCD              USBDC_IRQHandler 
                                                            ; 13: USB Device
   97 00000078 00000000        DCD              USBHC_IRQHandler ; 14: USB Host
                                                             Controller
   98 0000007C 00000000        DCD              CHLCD_IRQHandler 
                                                            ; 15: Character LCD
                                                            
   99 00000080 00000000        DCD              FLEXRAY_IRQHandler 
                                                            ; 16: Flexray
  100 00000084 00000000        DCD              CAN_IRQHandler ; 17: CAN
  101 00000088 00000000        DCD              LIN_IRQHandler ; 18: LIN
  102 0000008C 00000000        DCD              I2C_IRQHandler 
                                                            ; 19: I2C ADC/DAC
  103 00000090 00000000        DCD              0           ; 20: Reserved
  104 00000094 00000000        DCD              0           ; 21: Reserved
  105 00000098 00000000        DCD              0           ; 22: Reserved
  106 0000009C 00000000        DCD              0           ; 23: Reserved
  107 000000A0 00000000        DCD              0           ; 24: Reserved
  108 000000A4 00000000        DCD              0           ; 25: Reserved
  109 000000A8 00000000        DCD              0           ; 26: Reserved
  110 000000AC 00000000        DCD              0           ; 27: Reserved
  111 000000B0 00000000        DCD              CPU_CLCD_IRQHandler ; 28: Reser
                                                            ved - CPU FPGA CLCD
                                                            
  112 000000B4 00000000        DCD              0           ; 29: Reserved - CP
                                                            U FPGA
  113 000000B8 00000000        DCD              UART3_IRQHandler ; 30: UART3   
                                                             - CPU FPGA
  114 000000BC 00000000        DCD              SPI_IRQHandler ; 31: SPI Touchs
                                                            creen - CPU FPGA
  115 000000C0         __Vectors_End
  116 000000C0         
  117 000000C0 000000C0 
                       __Vectors_Size
                               EQU              __Vectors_End - __Vectors
  118 000000C0         
  119 000000C0                 AREA             |.text|, CODE, READONLY
  120 00000000         
  121 00000000         
  122 00000000         ; Reset Handler
  123 00000000         
  124 00000000         Reset_Handler
                               PROC



ARM Macro Assembler    Page 4 


  125 00000000                 EXPORT           Reset_Handler             [WEAK
]
  126 00000000                 IMPORT           SystemInit
  127 00000000                 IMPORT           __main
  128 00000000 4806            LDR              R0, =SystemInit
  129 00000002 4780            BLX              R0
  130 00000004 4806            LDR              R0, =__main
  131 00000006 4700            BX               R0
  132 00000008                 ENDP
  133 00000008         
  134 00000008         
  135 00000008         ; Dummy Exception Handlers (infinite loops which can be 
                       modified)
  136 00000008         
  137 00000008         NMI_Handler
                               PROC
  138 00000008                 EXPORT           NMI_Handler               [WEAK
]
  139 00000008 E7FE            B                .
  140 0000000A                 ENDP
  142 0000000A         HardFault_Handler
                               PROC
  143 0000000A                 EXPORT           HardFault_Handler         [WEAK
]
  144 0000000A E7FE            B                .
  145 0000000C                 ENDP
  147 0000000C         MemManage_Handler
                               PROC
  148 0000000C                 EXPORT           MemManage_Handler         [WEAK
]
  149 0000000C E7FE            B                .
  150 0000000E                 ENDP
  152 0000000E         BusFault_Handler
                               PROC
  153 0000000E                 EXPORT           BusFault_Handler          [WEAK
]
  154 0000000E E7FE            B                .
  155 00000010                 ENDP
  157 00000010         UsageFault_Handler
                               PROC
  158 00000010                 EXPORT           UsageFault_Handler        [WEAK
]
  159 00000010 E7FE            B                .
  160 00000012                 ENDP
  161 00000012         SVC_Handler
                               PROC
  162 00000012                 EXPORT           SVC_Handler               [WEAK
]
  163 00000012 E7FE            B                .
  164 00000014                 ENDP
  166 00000014         DebugMon_Handler
                               PROC
  167 00000014                 EXPORT           DebugMon_Handler          [WEAK
]
  168 00000014 E7FE            B                .
  169 00000016                 ENDP
  170 00000016         PendSV_Handler
                               PROC
  171 00000016                 EXPORT           PendSV_Handler            [WEAK



ARM Macro Assembler    Page 5 


]
  172 00000016 E7FE            B                .
  173 00000018                 ENDP
  174 00000018         SysTick_Handler
                               PROC
  175 00000018                 EXPORT           SysTick_Handler           [WEAK
]
  176 00000018 E7FE            B                .
  177 0000001A                 ENDP
  178 0000001A         
  179 0000001A         Default_Handler
                               PROC
  180 0000001A         
  181 0000001A                 EXPORT           WDT_IRQHandler            [WEAK
]
  182 0000001A                 EXPORT           RTC_IRQHandler            [WEAK
]
  183 0000001A                 EXPORT           TIM0_IRQHandler           [WEAK
]
  184 0000001A                 EXPORT           TIM2_IRQHandler           [WEAK
]
  185 0000001A                 EXPORT           MCIA_IRQHandler           [WEAK
]
  186 0000001A                 EXPORT           MCIB_IRQHandler           [WEAK
]
  187 0000001A                 EXPORT           UART0_IRQHandler          [WEAK
]
  188 0000001A                 EXPORT           UART1_IRQHandler          [WEAK
]
  189 0000001A                 EXPORT           UART2_IRQHandler          [WEAK
]
  190 0000001A                 EXPORT           UART3_IRQHandler          [WEAK
]
  191 0000001A                 EXPORT           UART4_IRQHandler          [WEAK
]
  192 0000001A                 EXPORT           AACI_IRQHandler           [WEAK
]
  193 0000001A                 EXPORT           CLCD_IRQHandler           [WEAK
]
  194 0000001A                 EXPORT           ENET_IRQHandler           [WEAK
]
  195 0000001A                 EXPORT           USBDC_IRQHandler          [WEAK
]
  196 0000001A                 EXPORT           USBHC_IRQHandler          [WEAK
]
  197 0000001A                 EXPORT           CHLCD_IRQHandler          [WEAK
]
  198 0000001A                 EXPORT           FLEXRAY_IRQHandler        [WEAK
]
  199 0000001A                 EXPORT           CAN_IRQHandler            [WEAK
]
  200 0000001A                 EXPORT           LIN_IRQHandler            [WEAK
]
  201 0000001A                 EXPORT           I2C_IRQHandler            [WEAK
]
  202 0000001A                 EXPORT           CPU_CLCD_IRQHandler       [WEAK
]
  203 0000001A                 EXPORT           SPI_IRQHandler            [WEAK
]



ARM Macro Assembler    Page 6 


  204 0000001A         
  205 0000001A         WDT_IRQHandler
  206 0000001A         RTC_IRQHandler
  207 0000001A         TIM0_IRQHandler
  208 0000001A         TIM2_IRQHandler
  209 0000001A         MCIA_IRQHandler
  210 0000001A         MCIB_IRQHandler
  211 0000001A         UART0_IRQHandler
  212 0000001A         UART1_IRQHandler
  213 0000001A         UART2_IRQHandler
  214 0000001A         UART3_IRQHandler
  215 0000001A         UART4_IRQHandler
  216 0000001A         AACI_IRQHandler
  217 0000001A         CLCD_IRQHandler
  218 0000001A         ENET_IRQHandler
  219 0000001A         USBDC_IRQHandler
  220 0000001A         USBHC_IRQHandler
  221 0000001A         CHLCD_IRQHandler
  222 0000001A         FLEXRAY_IRQHandler
  223 0000001A         CAN_IRQHandler
  224 0000001A         LIN_IRQHandler
  225 0000001A         I2C_IRQHandler
  226 0000001A         CPU_CLCD_IRQHandler
  227 0000001A         SPI_IRQHandler
  228 0000001A E7FE            B                .
  229 0000001C         
  230 0000001C                 ENDP
  231 0000001C         
  232 0000001C         
  233 0000001C                 ALIGN
  234 0000001C         
  235 0000001C         
  236 0000001C         ; User Initial Stack & Heap
  237 0000001C         
  238 0000001C                 IF               :DEF:__MICROLIB
  239 0000001C         
  240 0000001C                 EXPORT           __initial_sp
  241 0000001C                 EXPORT           __heap_base
  242 0000001C                 EXPORT           __heap_limit
  243 0000001C         
  244 0000001C                 ELSE
  259                          ENDIF
  260 0000001C         
  261 0000001C         
  262 0000001C                 END
              00000000 
              00000000 
Command Line: --debug --xref --diag_suppress=9931 --cpu=Cortex-M3 --apcs=interw
ork --depend=.\flash\startup_armcm3.d -o.\flash\startup_armcm3.o -IC:\CMSIS_git
hub_tmp\CMSIS_5\CMSIS\RTOS2\RTX\Examples\Simulation\RTX5_Blinky\RTE\_Simulation
 -IC:\Keil_v5\ARM\PACK\ARM\CMSIS\5.0.0-Beta14\CMSIS\Include -IC:\Keil_v5\ARM\PA
CK\ARM\CMSIS\5.0.0-Beta14\CMSIS\RTOS2\Include -IC:\Keil_v5\ARM\PACK\ARM\CMSIS\5
.0.0-Beta14\CMSIS\RTOS2\RTX\Include -IC:\Keil_v5\ARM\PACK\ARM\CMSIS\5.0.0-Beta1
4\Device\ARM\ARMCM3\Include --predefine="__MICROLIB SETA 1" --predefine="__UVIS
ION_VERSION SETA 521" --predefine="_RTE_ SETA 1" --predefine="ARMCM3 SETA 1" --
list=.\flash\startup_armcm3.lst RTE\Device\ARMCM3\startup_ARMCM3.s



ARM Macro Assembler    Page 1 Alphabetic symbol ordering
Relocatable symbols

STACK 00000000

Symbol: STACK
   Definitions
      At line 37 in file RTE\Device\ARMCM3\startup_ARMCM3.s
   Uses
      None
Comment: STACK unused
Stack_Mem 00000000

Symbol: Stack_Mem
   Definitions
      At line 38 in file RTE\Device\ARMCM3\startup_ARMCM3.s
   Uses
      None
Comment: Stack_Mem unused
__initial_sp 00000400

Symbol: __initial_sp
   Definitions
      At line 39 in file RTE\Device\ARMCM3\startup_ARMCM3.s
   Uses
      At line 65 in file RTE\Device\ARMCM3\startup_ARMCM3.s
      At line 240 in file RTE\Device\ARMCM3\startup_ARMCM3.s

3 symbols



ARM Macro Assembler    Page 1 Alphabetic symbol ordering
Relocatable symbols

HEAP 00000000

Symbol: HEAP
   Definitions
      At line 48 in file RTE\Device\ARMCM3\startup_ARMCM3.s
   Uses
      None
Comment: HEAP unused
Heap_Mem 00000000

Symbol: Heap_Mem
   Definitions
      At line 50 in file RTE\Device\ARMCM3\startup_ARMCM3.s
   Uses
      None
Comment: Heap_Mem unused
__heap_base 00000000

Symbol: __heap_base
   Definitions
      At line 49 in file RTE\Device\ARMCM3\startup_ARMCM3.s
   Uses
      At line 241 in file RTE\Device\ARMCM3\startup_ARMCM3.s
Comment: __heap_base used once
__heap_limit 00000C00

Symbol: __heap_limit
   Definitions
      At line 51 in file RTE\Device\ARMCM3\startup_ARMCM3.s
   Uses
      At line 242 in file RTE\Device\ARMCM3\startup_ARMCM3.s
Comment: __heap_limit used once
4 symbols



ARM Macro Assembler    Page 1 Alphabetic symbol ordering
Relocatable symbols

RESET 00000000

Symbol: RESET
   Definitions
      At line 60 in file RTE\Device\ARMCM3\startup_ARMCM3.s
   Uses
      None
Comment: RESET unused
__Vectors 00000000

Symbol: __Vectors
   Definitions
      At line 65 in file RTE\Device\ARMCM3\startup_ARMCM3.s
   Uses
      At line 61 in file RTE\Device\ARMCM3\startup_ARMCM3.s
      At line 117 in file RTE\Device\ARMCM3\startup_ARMCM3.s

__Vectors_End 000000C0

Symbol: __Vectors_End
   Definitions
      At line 115 in file RTE\Device\ARMCM3\startup_ARMCM3.s
   Uses
      At line 62 in file RTE\Device\ARMCM3\startup_ARMCM3.s
      At line 117 in file RTE\Device\ARMCM3\startup_ARMCM3.s

3 symbols



ARM Macro Assembler    Page 1 Alphabetic symbol ordering
Relocatable symbols

.text 00000000

Symbol: .text
   Definitions
      At line 119 in file RTE\Device\ARMCM3\startup_ARMCM3.s
   Uses
      None
Comment: .text unused
AACI_IRQHandler 0000001A

Symbol: AACI_IRQHandler
   Definitions
      At line 216 in file RTE\Device\ARMCM3\startup_ARMCM3.s
   Uses
      At line 93 in file RTE\Device\ARMCM3\startup_ARMCM3.s
      At line 192 in file RTE\Device\ARMCM3\startup_ARMCM3.s

BusFault_Handler 0000000E

Symbol: BusFault_Handler
   Definitions
      At line 152 in file RTE\Device\ARMCM3\startup_ARMCM3.s
   Uses
      At line 70 in file RTE\Device\ARMCM3\startup_ARMCM3.s
      At line 153 in file RTE\Device\ARMCM3\startup_ARMCM3.s

CAN_IRQHandler 0000001A

Symbol: CAN_IRQHandler
   Definitions
      At line 223 in file RTE\Device\ARMCM3\startup_ARMCM3.s
   Uses
      At line 100 in file RTE\Device\ARMCM3\startup_ARMCM3.s
      At line 199 in file RTE\Device\ARMCM3\startup_ARMCM3.s

CHLCD_IRQHandler 0000001A

Symbol: CHLCD_IRQHandler
   Definitions
      At line 221 in file RTE\Device\ARMCM3\startup_ARMCM3.s
   Uses
      At line 98 in file RTE\Device\ARMCM3\startup_ARMCM3.s
      At line 197 in file RTE\Device\ARMCM3\startup_ARMCM3.s

CLCD_IRQHandler 0000001A

Symbol: CLCD_IRQHandler
   Definitions
      At line 217 in file RTE\Device\ARMCM3\startup_ARMCM3.s
   Uses
      At line 94 in file RTE\Device\ARMCM3\startup_ARMCM3.s
      At line 193 in file RTE\Device\ARMCM3\startup_ARMCM3.s

CPU_CLCD_IRQHandler 0000001A

Symbol: CPU_CLCD_IRQHandler
   Definitions
      At line 226 in file RTE\Device\ARMCM3\startup_ARMCM3.s
   Uses



ARM Macro Assembler    Page 2 Alphabetic symbol ordering
Relocatable symbols

      At line 111 in file RTE\Device\ARMCM3\startup_ARMCM3.s
      At line 202 in file RTE\Device\ARMCM3\startup_ARMCM3.s

DebugMon_Handler 00000014

Symbol: DebugMon_Handler
   Definitions
      At line 166 in file RTE\Device\ARMCM3\startup_ARMCM3.s
   Uses
      At line 77 in file RTE\Device\ARMCM3\startup_ARMCM3.s
      At line 167 in file RTE\Device\ARMCM3\startup_ARMCM3.s

Default_Handler 0000001A

Symbol: Default_Handler
   Definitions
      At line 179 in file RTE\Device\ARMCM3\startup_ARMCM3.s
   Uses
      None
Comment: Default_Handler unused
ENET_IRQHandler 0000001A

Symbol: ENET_IRQHandler
   Definitions
      At line 218 in file RTE\Device\ARMCM3\startup_ARMCM3.s
   Uses
      At line 95 in file RTE\Device\ARMCM3\startup_ARMCM3.s
      At line 194 in file RTE\Device\ARMCM3\startup_ARMCM3.s

FLEXRAY_IRQHandler 0000001A

Symbol: FLEXRAY_IRQHandler
   Definitions
      At line 222 in file RTE\Device\ARMCM3\startup_ARMCM3.s
   Uses
      At line 99 in file RTE\Device\ARMCM3\startup_ARMCM3.s
      At line 198 in file RTE\Device\ARMCM3\startup_ARMCM3.s

HardFault_Handler 0000000A

Symbol: HardFault_Handler
   Definitions
      At line 142 in file RTE\Device\ARMCM3\startup_ARMCM3.s
   Uses
      At line 68 in file RTE\Device\ARMCM3\startup_ARMCM3.s
      At line 143 in file RTE\Device\ARMCM3\startup_ARMCM3.s

I2C_IRQHandler 0000001A

Symbol: I2C_IRQHandler
   Definitions
      At line 225 in file RTE\Device\ARMCM3\startup_ARMCM3.s
   Uses
      At line 102 in file RTE\Device\ARMCM3\startup_ARMCM3.s
      At line 201 in file RTE\Device\ARMCM3\startup_ARMCM3.s

LIN_IRQHandler 0000001A

Symbol: LIN_IRQHandler



ARM Macro Assembler    Page 3 Alphabetic symbol ordering
Relocatable symbols

   Definitions
      At line 224 in file RTE\Device\ARMCM3\startup_ARMCM3.s
   Uses
      At line 101 in file RTE\Device\ARMCM3\startup_ARMCM3.s
      At line 200 in file RTE\Device\ARMCM3\startup_ARMCM3.s

MCIA_IRQHandler 0000001A

Symbol: MCIA_IRQHandler
   Definitions
      At line 209 in file RTE\Device\ARMCM3\startup_ARMCM3.s
   Uses
      At line 87 in file RTE\Device\ARMCM3\startup_ARMCM3.s
      At line 185 in file RTE\Device\ARMCM3\startup_ARMCM3.s

MCIB_IRQHandler 0000001A

Symbol: MCIB_IRQHandler
   Definitions
      At line 210 in file RTE\Device\ARMCM3\startup_ARMCM3.s
   Uses
      At line 88 in file RTE\Device\ARMCM3\startup_ARMCM3.s
      At line 186 in file RTE\Device\ARMCM3\startup_ARMCM3.s

MemManage_Handler 0000000C

Symbol: MemManage_Handler
   Definitions
      At line 147 in file RTE\Device\ARMCM3\startup_ARMCM3.s
   Uses
      At line 69 in file RTE\Device\ARMCM3\startup_ARMCM3.s
      At line 148 in file RTE\Device\ARMCM3\startup_ARMCM3.s

NMI_Handler 00000008

Symbol: NMI_Handler
   Definitions
      At line 137 in file RTE\Device\ARMCM3\startup_ARMCM3.s
   Uses
      At line 67 in file RTE\Device\ARMCM3\startup_ARMCM3.s
      At line 138 in file RTE\Device\ARMCM3\startup_ARMCM3.s

PendSV_Handler 00000016

Symbol: PendSV_Handler
   Definitions
      At line 170 in file RTE\Device\ARMCM3\startup_ARMCM3.s
   Uses
      At line 79 in file RTE\Device\ARMCM3\startup_ARMCM3.s
      At line 171 in file RTE\Device\ARMCM3\startup_ARMCM3.s

RTC_IRQHandler 0000001A

Symbol: RTC_IRQHandler
   Definitions
      At line 206 in file RTE\Device\ARMCM3\startup_ARMCM3.s
   Uses
      At line 84 in file RTE\Device\ARMCM3\startup_ARMCM3.s
      At line 182 in file RTE\Device\ARMCM3\startup_ARMCM3.s



ARM Macro Assembler    Page 4 Alphabetic symbol ordering
Relocatable symbols


Reset_Handler 00000000

Symbol: Reset_Handler
   Definitions
      At line 124 in file RTE\Device\ARMCM3\startup_ARMCM3.s
   Uses
      At line 66 in file RTE\Device\ARMCM3\startup_ARMCM3.s
      At line 125 in file RTE\Device\ARMCM3\startup_ARMCM3.s

SPI_IRQHandler 0000001A

Symbol: SPI_IRQHandler
   Definitions
      At line 227 in file RTE\Device\ARMCM3\startup_ARMCM3.s
   Uses
      At line 114 in file RTE\Device\ARMCM3\startup_ARMCM3.s
      At line 203 in file RTE\Device\ARMCM3\startup_ARMCM3.s

SVC_Handler 00000012

Symbol: SVC_Handler
   Definitions
      At line 161 in file RTE\Device\ARMCM3\startup_ARMCM3.s
   Uses
      At line 76 in file RTE\Device\ARMCM3\startup_ARMCM3.s
      At line 162 in file RTE\Device\ARMCM3\startup_ARMCM3.s

SysTick_Handler 00000018

Symbol: SysTick_Handler
   Definitions
      At line 174 in file RTE\Device\ARMCM3\startup_ARMCM3.s
   Uses
      At line 80 in file RTE\Device\ARMCM3\startup_ARMCM3.s
      At line 175 in file RTE\Device\ARMCM3\startup_ARMCM3.s

TIM0_IRQHandler 0000001A

Symbol: TIM0_IRQHandler
   Definitions
      At line 207 in file RTE\Device\ARMCM3\startup_ARMCM3.s
   Uses
      At line 85 in file RTE\Device\ARMCM3\startup_ARMCM3.s
      At line 183 in file RTE\Device\ARMCM3\startup_ARMCM3.s

TIM2_IRQHandler 0000001A

Symbol: TIM2_IRQHandler
   Definitions
      At line 208 in file RTE\Device\ARMCM3\startup_ARMCM3.s
   Uses
      At line 86 in file RTE\Device\ARMCM3\startup_ARMCM3.s
      At line 184 in file RTE\Device\ARMCM3\startup_ARMCM3.s

UART0_IRQHandler 0000001A

Symbol: UART0_IRQHandler
   Definitions



ARM Macro Assembler    Page 5 Alphabetic symbol ordering
Relocatable symbols

      At line 211 in file RTE\Device\ARMCM3\startup_ARMCM3.s
   Uses
      At line 89 in file RTE\Device\ARMCM3\startup_ARMCM3.s
      At line 187 in file RTE\Device\ARMCM3\startup_ARMCM3.s

UART1_IRQHandler 0000001A

Symbol: UART1_IRQHandler
   Definitions
      At line 212 in file RTE\Device\ARMCM3\startup_ARMCM3.s
   Uses
      At line 90 in file RTE\Device\ARMCM3\startup_ARMCM3.s
      At line 188 in file RTE\Device\ARMCM3\startup_ARMCM3.s

UART2_IRQHandler 0000001A

Symbol: UART2_IRQHandler
   Definitions
      At line 213 in file RTE\Device\ARMCM3\startup_ARMCM3.s
   Uses
      At line 91 in file RTE\Device\ARMCM3\startup_ARMCM3.s
      At line 189 in file RTE\Device\ARMCM3\startup_ARMCM3.s

UART3_IRQHandler 0000001A

Symbol: UART3_IRQHandler
   Definitions
      At line 214 in file RTE\Device\ARMCM3\startup_ARMCM3.s
   Uses
      At line 113 in file RTE\Device\ARMCM3\startup_ARMCM3.s
      At line 190 in file RTE\Device\ARMCM3\startup_ARMCM3.s

UART4_IRQHandler 0000001A

Symbol: UART4_IRQHandler
   Definitions
      At line 215 in file RTE\Device\ARMCM3\startup_ARMCM3.s
   Uses
      At line 92 in file RTE\Device\ARMCM3\startup_ARMCM3.s
      At line 191 in file RTE\Device\ARMCM3\startup_ARMCM3.s

USBDC_IRQHandler 0000001A

Symbol: USBDC_IRQHandler
   Definitions
      At line 219 in file RTE\Device\ARMCM3\startup_ARMCM3.s
   Uses
      At line 96 in file RTE\Device\ARMCM3\startup_ARMCM3.s
      At line 195 in file RTE\Device\ARMCM3\startup_ARMCM3.s

USBHC_IRQHandler 0000001A

Symbol: USBHC_IRQHandler
   Definitions
      At line 220 in file RTE\Device\ARMCM3\startup_ARMCM3.s
   Uses
      At line 97 in file RTE\Device\ARMCM3\startup_ARMCM3.s
      At line 196 in file RTE\Device\ARMCM3\startup_ARMCM3.s




ARM Macro Assembler    Page 6 Alphabetic symbol ordering
Relocatable symbols

UsageFault_Handler 00000010

Symbol: UsageFault_Handler
   Definitions
      At line 157 in file RTE\Device\ARMCM3\startup_ARMCM3.s
   Uses
      At line 71 in file RTE\Device\ARMCM3\startup_ARMCM3.s
      At line 158 in file RTE\Device\ARMCM3\startup_ARMCM3.s

WDT_IRQHandler 0000001A

Symbol: WDT_IRQHandler
   Definitions
      At line 205 in file RTE\Device\ARMCM3\startup_ARMCM3.s
   Uses
      At line 83 in file RTE\Device\ARMCM3\startup_ARMCM3.s
      At line 181 in file RTE\Device\ARMCM3\startup_ARMCM3.s

35 symbols



ARM Macro Assembler    Page 1 Alphabetic symbol ordering
Absolute symbols

Heap_Size 00000C00

Symbol: Heap_Size
   Definitions
      At line 46 in file RTE\Device\ARMCM3\startup_ARMCM3.s
   Uses
      At line 50 in file RTE\Device\ARMCM3\startup_ARMCM3.s
Comment: Heap_Size used once
Stack_Size 00000400

Symbol: Stack_Size
   Definitions
      At line 35 in file RTE\Device\ARMCM3\startup_ARMCM3.s
   Uses
      At line 38 in file RTE\Device\ARMCM3\startup_ARMCM3.s
Comment: Stack_Size used once
__Vectors_Size 000000C0

Symbol: __Vectors_Size
   Definitions
      At line 117 in file RTE\Device\ARMCM3\startup_ARMCM3.s
   Uses
      At line 63 in file RTE\Device\ARMCM3\startup_ARMCM3.s
Comment: __Vectors_Size used once
3 symbols



ARM Macro Assembler    Page 1 Alphabetic symbol ordering
External symbols

SystemInit 00000000

Symbol: SystemInit
   Definitions
      At line 126 in file RTE\Device\ARMCM3\startup_ARMCM3.s
   Uses
      At line 128 in file RTE\Device\ARMCM3\startup_ARMCM3.s
Comment: SystemInit used once
__main 00000000

Symbol: __main
   Definitions
      At line 127 in file RTE\Device\ARMCM3\startup_ARMCM3.s
   Uses
      At line 130 in file RTE\Device\ARMCM3\startup_ARMCM3.s
Comment: __main used once
2 symbols
386 symbols in table
